Microchip MPLAB XC8 Compiler V2.05 ()

Linker command line:

-W-3 --edf=S:\Program Files (x86)\Microchip\xc8\v2.05\pic\dat\en_msgs.txt \
  -cs -h+dist/default/production\Ins_Mic.X.production.sym \
  --cmf=dist/default/production\Ins_Mic.X.production.cmf -z -Q16F628A \
  -oC:\Users\21823E~1.003\AppData\Local\Temp\shu0.2 \
  --defsym=__MPLAB_BUILD=1 \
  -Mdist/default/production/Ins_Mic.X.production.map -E1 -ver=XC8 \
  --acfsm=1493 -ASTACK=0A0h-0EFh -pstack=STACK -ACODE=00h-07FFh \
  -ASTRCODE=00h-07FFh -ASTRING=00h-0FFhx8 -ACONST=00h-0FFhx8 \
  -AENTRY=00h-0FFhx8 -ACOMMON=070h-07Fh -ABANK0=020h-06Fh -ABANK1=0A0h-0EFh \
  -ABANK2=0120h-014Fh -ARAM=020h-06Fh,0A0h-0EFh,0120h-014Fh \
  -AABS1=020h-07Fh,0A0h-0EFh,0120h-014Fh -ASFR0=00h-01Fh -ASFR1=080h-09Fh \
  -ASFR2=0100h-011Fh -ASFR3=0180h-01EFh \
  -preset_vec=00h,intentry=04h,init,end_init -ppowerup=CODE -pcinit=CODE \
  -pfunctab=ENTRY -ACONFIG=02007h-02007h -pconfig=CONFIG -DCONFIG=2 \
  -AIDLOC=02000h-02003h -pidloc=IDLOC -DIDLOC=2 -AEEDATA=00h-07Fh/02100h \
  -peeprom_data=EEDATA -DEEDATA=2 -DCODE=2 -DSTRCODE=2 -DSTRING=2 -DCONST=2 \
  -DENTRY=2 -k C:\Users\21823E~1.003\AppData\Local\Temp\shu0.o \
  dist/default/production\Ins_Mic.X.production.o 

Object code version is 3.11

Machine type is 16F628A



                Name                               Link     Load   Length Selector   Space Scale
C:\Users\21823E~1.003\AppData\Local\Temp\shu0.o
                end_init                              A        A        1        8       0
                reset_vec                             0        0        1        0       0
                config                             2007     2007        1     400E       0
dist/default/production\Ins_Mic.X.production.o
                cinit                                 B        B        D        8       0
                intentry                              4        4        6        8       0
                text6                               239      239       26        8       0
                text5                               16C      16C       5B        8       0
                text4                               1C7      1C7       3E        8       0
                text3                               205      205       34        8       0
                text2                                18       18      154        8       0
                text1                               25F      25F       22        8       0
                maintext                            281      281       1E        8       0
                cstackBANK0                          20       20       14       20       1
                cstackCOMMON                         70       70        7       70       1
                bssBANK0                             34       34        6       20       1
                dataCOMMON                           77       77        2       70       1
                bssCOMMON                            79       79        1       70       1
                idataCOMMON                         29F      29F        2        8       0

TOTAL           Name                               Link     Load   Length     Space
        CLASS   STACK          

        CLASS   CODE           
                end_init                              A        A        1         0
                cinit                                 B        B        D         0
                intentry                              4        4        6         0
                reset_vec                             0        0        1         0
                text6                               239      239       26         0
                text5                               16C      16C       5B         0
                text4                               1C7      1C7       3E         0
                text3                               205      205       34         0
                text2                                18       18      154         0
                text1                               25F      25F       22         0
                maintext                            281      281       1E         0
                idataCOMMON                         29F      29F        2         0

        CLASS   STRCODE        

        CLASS   STRING         

        CLASS   CONST          

        CLASS   ENTRY          

        CLASS   COMMON         
                cstackCOMMON                         70       70        7         1
                dataCOMMON                           77       77        2         1
                bssCOMMON                            79       79        1         1

        CLASS   BANK0          
                cstackBANK0                          20       20       14         1
                bssBANK0                             34       34        6         1

        CLASS   BANK1          

        CLASS   BANK2          

        CLASS   RAM            

        CLASS   ABS1           
                abs_s1                               7E       7E        2         1

        CLASS   SFR0           

        CLASS   SFR1           

        CLASS   SFR2           

        CLASS   SFR3           

        CLASS   CONFIG         
                config                             2007     2007        1         0

        CLASS   IDLOC          

        CLASS   EEDATA         

        CLASS   BANK3          



SEGMENTS        Name                           Load    Length   Top    Selector   Space  Class     Delta

                reset_vec                      000000  000001  000001         0       0  CODE        2
                intentry                       000004  00029D  0002A1         8       0  CODE        2
                cstackBANK0                    000020  00001A  00003A        20       1  BANK0       1
                cstackCOMMON                   000070  00000A  00007A        70       1  COMMON      1
                config                         002007  000001  002008      400E       0  CONFIG      2


UNUSED ADDRESS RANGES

        Name                Unused          Largest block    Delta
        BANK0            003A-006F             36           1
        BANK1            00A0-00EF             50           1
        BANK2            0120-014F             30           1
        CODE             0001-0003              3           2
                         02A1-07FF            55F
        COMMON           007A-007D              4           1
        CONST            0001-0003              3           2
                         02A1-07FF            100
        EEDATA           2100-217F             80           2
        ENTRY            0001-0003              3           2
                         02A1-07FF            100
        IDLOC            2000-2003              4           2
        RAM              003A-006F             36           1
                         00A0-00EF             50
                         0120-014F             30
        SFR0             0000-001F             20           1
        SFR1             0080-009F             20           1
        SFR2             0100-011F             20           1
        SFR3             0180-01EF             70           1
        STACK            00A0-00EF             50           1
        STRCODE          0001-0003              3           2
                         02A1-07FF            55F
        STRING           0001-0003              3           2
                         02A1-07FF            100

                                  Symbol Table

?___awdiv                   cstackBANK0  0020
?___lwdiv                   cstackBANK0  0020
?___lwmod                   cstackBANK0  0027
_CMCON                      (abs)        001F
_GIE                        (abs)        005F
_PEIE                       (abs)        005E
_PORTA                      (abs)        0005
_PORTAbits                  (abs)        0005
_PORTB                      (abs)        0006
_PORTBbits                  (abs)        0006
_PS0                        (abs)        0408
_PS1                        (abs)        0409
_PS2                        (abs)        040A
_PSA                        (abs)        040B
_T0CS                       (abs)        040D
_T0IE                       (abs)        005D
_T0IF                       (abs)        005A
_TMR0                       (abs)        0001
_TRISA                      (abs)        0085
_TRISB                      (abs)        0086
__CFG_BOREN$OFF             (abs)        0000
__CFG_CP$OFF                (abs)        0000
__CFG_CPD$OFF               (abs)        0000
__CFG_FOSC$INTOSCIO         (abs)        0000
__CFG_LVP$OFF               (abs)        0000
__CFG_MCLRE$ON              (abs)        0000
__CFG_PWRTE$OFF             (abs)        0000
__CFG_WDTE$OFF              (abs)        0000
__Habs1                     abs1         0000
__Hbank0                    bank0        0000
__Hbank1                    bank1        0000
__Hbank2                    bank2        0000
__Hbank3                    bank3        0000
__HbssBANK0                 bssBANK0     0000
__HbssCOMMON                bssCOMMON    0000
__Hcinit                    cinit        0018
__Hclrtext                  clrtext      0000
__Hcode                     code         0000
__Hcommon                   common       0000
__Hconfig                   config       2008
__HcstackBANK0              cstackBANK0  0000
__HcstackCOMMON             cstackCOMMON 0000
__HdataCOMMON               dataCOMMON   0000
__Heeprom_data              eeprom_data  0000
__Hend_init                 end_init     000B
__Hfunctab                  functab      0000
__HidataCOMMON              idataCOMMON  0000
__Hidloc                    idloc        0000
__Hinit                     init         000A
__Hintentry                 intentry     000A
__Hmaintext                 maintext     0000
__Hpowerup                  powerup      0000
__Hram                      ram          0000
__Hreset_vec                reset_vec    0001
__Hsfr0                     sfr0         0000
__Hsfr1                     sfr1         0000
__Hsfr2                     sfr2         0000
__Hsfr3                     sfr3         0000
__Hspace_0                  (abs)        2008
__Hspace_1                  (abs)        007A
__Hspace_2                  (abs)        0000
__Hspace_3                  (abs)        0000
__Hstack                    stack        0000
__Hstrings                  strings      0000
__Htext                     text         0000
__Labs1                     abs1         0000
__Lbank0                    bank0        0000
__Lbank1                    bank1        0000
__Lbank2                    bank2        0000
__Lbank3                    bank3        0000
__LbssBANK0                 bssBANK0     0000
__LbssCOMMON                bssCOMMON    0000
__Lcinit                    cinit        000B
__Lclrtext                  clrtext      0000
__Lcode                     code         0000
__Lcommon                   common       0000
__Lconfig                   config       2007
__LcstackBANK0              cstackBANK0  0000
__LcstackCOMMON             cstackCOMMON 0000
__LdataCOMMON               dataCOMMON   0000
__Leeprom_data              eeprom_data  0000
__Lend_init                 end_init     000A
__Lfunctab                  functab      0000
__LidataCOMMON              idataCOMMON  0000
__Lidloc                    idloc        0000
__Linit                     init         000A
__Lintentry                 intentry     0004
__Lmaintext                 maintext     0000
__Lpowerup                  powerup      0000
__Lram                      ram          0000
__Lreset_vec                reset_vec    0000
__Lsfr0                     sfr0         0000
__Lsfr1                     sfr1         0000
__Lsfr2                     sfr2         0000
__Lsfr3                     sfr3         0000
__Lspace_0                  (abs)        0000
__Lspace_1                  (abs)        0000
__Lspace_2                  (abs)        0000
__Lspace_3                  (abs)        0000
__Lstack                    stack        0000
__Lstrings                  strings      0000
__Ltext                     text         0000
__S0                        (abs)        2008
__S1                        (abs)        007A
__S2                        (abs)        0000
__S3                        (abs)        0000
___awdiv                    text5        016C
___awdiv@counter            cstackBANK0  0024
___awdiv@dividend           cstackBANK0  0022
___awdiv@divisor            cstackBANK0  0020
___awdiv@quotient           cstackBANK0  0026
___awdiv@sign               cstackBANK0  0025
___int_sp                   stack        0000
___latbits                  (abs)        0000
___lwdiv                    text4        01C7
___lwdiv@counter            cstackBANK0  0024
___lwdiv@dividend           cstackBANK0  0022
___lwdiv@divisor            cstackBANK0  0020
___lwdiv@quotient           cstackBANK0  0025
___lwmod                    text3        0205
___lwmod@counter            cstackCOMMON 0076
___lwmod@dividend           cstackBANK0  0029
___lwmod@divisor            cstackBANK0  0027
___sp                       stack        0000
___stackhi                  (abs)        0000
___stacklo                  (abs)        0000
__end_of___awdiv            text5        01C7
__end_of___lwdiv            text4        0205
__end_of___lwmod            text3        0239
__end_of__initialization    cinit        0016
__end_of_atualiza_displays  text2        016C
__end_of_config             text1        0281
__end_of_main               maintext     029F
__end_of_myi                text6        025F
__initialization            cinit        000B
__pbssBANK0                 bssBANK0     0034
__pbssCOMMON                bssCOMMON    0079
__pcstackBANK0              cstackBANK0  0020
__pcstackCOMMON             cstackCOMMON 0070
__pdataCOMMON               dataCOMMON   0077
__pidataCOMMON              idataCOMMON  029F
__pintentry                 intentry     0004
__pmaintext                 maintext     0281
__ptext1                    text1        025F
__ptext2                    text2        0018
__ptext3                    text3        0205
__ptext4                    text4        01C7
__ptext5                    text5        016C
__ptext6                    text6        0239
__size_of___awdiv           (abs)        0000
__size_of___lwdiv           (abs)        0000
__size_of___lwmod           (abs)        0000
__size_of_atualiza_displays (abs)        0000
__size_of_config            (abs)        0000
__size_of_main              (abs)        0000
__size_of_myi               (abs)        0000
_atualiza_displays          text2        0018
_config                     text1        025F
_cont                       bssBANK0     0038
_estouro_timer0             bssBANK0     0036
_flag                       bssCOMMON    0079
_main                       maintext     0281
_myi                        text6        0239
_status_ant                 dataCOMMON   0077
_valor_final                bssBANK0     0034
atualiza_displays@centenas  cstackBANK0  0033
atualiza_displays@dezenas   cstackBANK0  0032
atualiza_displays@unidades  cstackBANK0  0031
atualiza_displays@valor     cstackBANK0  002B
btemp                       (abs)        007E
end_of_initialization       cinit        0016
interrupt_function          intentry     0004
intlevel0                   functab      0000
intlevel1                   functab      0000
intlevel2                   functab      0000
intlevel3                   functab      0000
intlevel4                   functab      0000
intlevel5                   functab      0000
reset_vec                   reset_vec    0000
saved_w                     (abs)        007E
start                       init         000A
start_initialization        cinit        000B
wtemp0                      (abs)        007E


FUNCTION INFORMATION:

 *************** function _main *****************
 Defined at:
		line 55 in file "projeto_ins_mic.c"
 Parameters:    Size  Location     Type
		None
 Auto vars:     Size  Location     Type
		None
 Return value:  Size  Location     Type
                  1    wreg      void 
 Registers used:
		wreg, status,2, status,0, pclath, cstack
 Tracked objects:
		On entry : 
		On exit  : 
		Unchanged: 
 Data sizes:     COMMON   BANK0   BANK1   BANK2
      Params:         0       0       0       0
      Locals:         0       0       0       0
      Temps:          0       0       0       0
      Totals:         0       0       0       0
Total ram usage:        0 bytes
 Hardware stack levels required when called:    4
 This function calls:
		_atualiza_displays
		_config
 This function is called by:
		Startup code after reset
 This function uses a non-reentrant model


 *************** function _config *****************
 Defined at:
		line 73 in file "projeto_ins_mic.c"
 Parameters:    Size  Location     Type
		None
 Auto vars:     Size  Location     Type
		None
 Return value:  Size  Location     Type
                  1    wreg      void 
 Registers used:
		wreg, status,2, status,0, pclath, cstack
 Tracked objects:
		On entry : 
		On exit  : 
		Unchanged: 
 Data sizes:     COMMON   BANK0   BANK1   BANK2
      Params:         0       0       0       0
      Locals:         0       0       0       0
      Temps:          0       0       0       0
      Totals:         0       0       0       0
Total ram usage:        0 bytes
 Hardware stack levels used:    1
 Hardware stack levels required when called:    3
 This function calls:
		_atualiza_displays
 This function is called by:
		_main
 This function uses a non-reentrant model


 *************** function _atualiza_displays *****************
 Defined at:
		line 104 in file "projeto_ins_mic.c"
 Parameters:    Size  Location     Type
  valor           2   11[BANK0 ] unsigned int 
 Auto vars:     Size  Location     Type
  centenas        1   19[BANK0 ] unsigned char 
  dezenas         1   18[BANK0 ] unsigned char 
  unidades        1   17[BANK0 ] unsigned char 
 Return value:  Size  Location     Type
                  1    wreg      void 
 Registers used:
		wreg, status,2, status,0, pclath, cstack
 Tracked objects:
		On entry : 
		On exit  : 
		Unchanged: 
 Data sizes:     COMMON   BANK0   BANK1   BANK2
      Params:         0       2       0       0
      Locals:         0       3       0       0
      Temps:          0       4       0       0
      Totals:         0       9       0       0
Total ram usage:        9 bytes
 Hardware stack levels used:    1
 Hardware stack levels required when called:    2
 This function calls:
		___awdiv
		___lwdiv
		___lwmod
 This function is called by:
		_main
		_config
 This function uses a non-reentrant model


 *************** function ___lwmod *****************
 Defined at:
		line 5 in file "S:\Program Files (x86)\Microchip\xc8\v2.05\pic\sources\c90\common\lwmod.c"
 Parameters:    Size  Location     Type
  divisor         2    7[BANK0 ] unsigned int 
  dividend        2    9[BANK0 ] unsigned int 
 Auto vars:     Size  Location     Type
  counter         1    6[COMMON] unsigned char 
 Return value:  Size  Location     Type
                  2    7[BANK0 ] unsigned int 
 Registers used:
		wreg, status,2, status,0
 Tracked objects:
		On entry : 
		On exit  : 
		Unchanged: 
 Data sizes:     COMMON   BANK0   BANK1   BANK2
      Params:         0       4       0       0
      Locals:         1       0       0       0
      Temps:          1       0       0       0
      Totals:         2       4       0       0
Total ram usage:        6 bytes
 Hardware stack levels used:    1
 Hardware stack levels required when called:    1
 This function calls:
		Nothing
 This function is called by:
		_atualiza_displays
 This function uses a non-reentrant model


 *************** function ___lwdiv *****************
 Defined at:
		line 5 in file "S:\Program Files (x86)\Microchip\xc8\v2.05\pic\sources\c90\common\lwdiv.c"
 Parameters:    Size  Location     Type
  divisor         2    0[BANK0 ] unsigned int 
  dividend        2    2[BANK0 ] unsigned int 
 Auto vars:     Size  Location     Type
  quotient        2    5[BANK0 ] unsigned int 
  counter         1    4[BANK0 ] unsigned char 
 Return value:  Size  Location     Type
                  2    0[BANK0 ] unsigned int 
 Registers used:
		wreg, status,2, status,0
 Tracked objects:
		On entry : 
		On exit  : 
		Unchanged: 
 Data sizes:     COMMON   BANK0   BANK1   BANK2
      Params:         0       4       0       0
      Locals:         0       3       0       0
      Temps:          1       0       0       0
      Totals:         1       7       0       0
Total ram usage:        8 bytes
 Hardware stack levels used:    1
 Hardware stack levels required when called:    1
 This function calls:
		Nothing
 This function is called by:
		_atualiza_displays
 This function uses a non-reentrant model


 *************** function ___awdiv *****************
 Defined at:
		line 5 in file "S:\Program Files (x86)\Microchip\xc8\v2.05\pic\sources\c90\common\awdiv.c"
 Parameters:    Size  Location     Type
  divisor         2    0[BANK0 ] int 
  dividend        2    2[BANK0 ] int 
 Auto vars:     Size  Location     Type
  quotient        2    6[BANK0 ] int 
  sign            1    5[BANK0 ] unsigned char 
  counter         1    4[BANK0 ] unsigned char 
 Return value:  Size  Location     Type
                  2    0[BANK0 ] int 
 Registers used:
		wreg, status,2, status,0
 Tracked objects:
		On entry : 
		On exit  : 
		Unchanged: 
 Data sizes:     COMMON   BANK0   BANK1   BANK2
      Params:         0       4       0       0
      Locals:         0       4       0       0
      Temps:          1       0       0       0
      Totals:         1       8       0       0
Total ram usage:        9 bytes
 Hardware stack levels used:    1
 Hardware stack levels required when called:    1
 This function calls:
		Nothing
 This function is called by:
		_atualiza_displays
 This function uses a non-reentrant model


 *************** function _myi *****************
 Defined at:
		line 130 in file "projeto_ins_mic.c"
 Parameters:    Size  Location     Type
		None
 Auto vars:     Size  Location     Type
		None
 Return value:  Size  Location     Type
                  1    wreg      void 
 Registers used:
		wreg, status,2, status,0
 Tracked objects:
		On entry : 
		On exit  : 
		Unchanged: 
 Data sizes:     COMMON   BANK0   BANK1   BANK2
      Params:         0       0       0       0
      Locals:         0       0       0       0
      Temps:          4       0       0       0
      Totals:         4       0       0       0
Total ram usage:        4 bytes
 Hardware stack levels used:    1
 This function calls:
		Nothing
 This function is called by:
		Interrupt level 1
 This function uses a non-reentrant model



MODULE INFORMATION

Module		Function		Class		Link	Load	Size
S:\Program Files (x86)\Microchip\xc8\v2.05\pic\sources\c90\common\lwdiv.c
		___lwdiv       		CODE           	01C7	0000	63

S:\Program Files (x86)\Microchip\xc8\v2.05\pic\sources\c90\common\lwdiv.c estimated size: 63

S:\Program Files (x86)\Microchip\xc8\v2.05\pic\sources\c90\common\awdiv.c
		___awdiv       		CODE           	016C	0000	92

S:\Program Files (x86)\Microchip\xc8\v2.05\pic\sources\c90\common\awdiv.c estimated size: 92

shared
		__initialization		CODE           	000B	0000	12

shared estimated size: 12

S:\Program Files (x86)\Microchip\xc8\v2.05\pic\sources\c90\common\lwmod.c
		___lwmod       		CODE           	0205	0000	53

S:\Program Files (x86)\Microchip\xc8\v2.05\pic\sources\c90\common\lwmod.c estimated size: 53

projeto_ins_mic.c
		_atualiza_displays		CODE           	0018	0000	341
		_main          		CODE           	0281	0000	31
		_myi           		CODE           	0239	0000	39
		_config        		CODE           	025F	0000	35

projeto_ins_mic.c estimated size: 446

